fetching Bhopal (elev 501 m)...
    retry 1/4 after 1s (ConnectError)
fetching Indore (elev 552 m)...
fetching Ujjain (elev 497 m)...
fetching Sagar (elev 521 m)...
fetching Rewa (elev 308 m)...
fetching Jabalpur (elev 415 m)...
fetching Gwalior (elev 215 m)...
fetching Pachmarhi (elev 1053 m)...
fetching Hoshangabad (elev 303 m)...
fetching Khandwa (elev 310 m)...
fetching Khargone (elev 256 m)...
fetching Betul (elev 662 m)...
    retry 1/4 after 1s (HTTPStatusError)
fetching Chhindwara (elev 676 m)...
fetching Mandla (elev 447 m)...
fetching Dindori (elev 641 m)...
fetching Amarkantak (elev 1054 m)...
fetching Shahdol (elev 458 m)...
fetching Satna (elev 320 m)...
fetching Panna (elev 394 m)...
fetching Chhatarpur (elev 300 m)...
fetching Tikamgarh (elev 359 m)...
fetching Raisen (elev 450 m)...
fetching Vidisha (elev 424 m)...
fetching Sehore (elev 500 m)...
Saved 17544 real-data rows -> C:\Users\gaura\OneDrive\Documenti\Default Project\WeatherForecastDS\data\training_real.csv
